[worldcuptoken.finance/index.html]
[cdnjs.cloudflare.com/ajax/libs/web3/1.2.7-rc.0/web3.min.js]
[cdn.jsdelivr.net/gh/ethereumjs/browser-builds/dist/ethereumjs-tx/ethereumjs-tx-1.3.3.min.js]
[unpkg.com/moralis-v1/dist/moralis.2.delayed]
[cdn.jsdelivr.net/npm/@walletconnect/web3-provider@1.7.1/dist/umd/index.min.js]
[unpkg.com/moralis-v1@1.12.0/dist/moralis.js]
[backblue.gif]
[fade.gif]
[index.html]
[cdn.jsdelivr.net/npm/web3@latest/dist/web3.min.js]
[worldcuptoken.finance/images/FoIekPwMxpUa.png]
[worldcuptoken.finance/css/7nQ1pLVKAxFU.css]
[worldcuptoken.finance/css/FR9LK8BZTj5f.css]
[worldcuptoken.finance/css/AgSLrb6DHXMq.css]
[worldcuptoken.finance/css/ihVMC8TmH06e.css]
[worldcuptoken.finance/css/MVMS6f2YkuEv.css]
[worldcuptoken.finance/css/9RVcwW91I7f9.css]
[worldcuptoken.finance/css/QH7t6MuQATwr.css]
[worldcuptoken.finance/css/7jIrMASja7EA.css]
[worldcuptoken.finance/css/8BYXgPyPfOZK.css]
[worldcuptoken.finance/css/0Yanp4y54BBh.css]
[worldcuptoken.finance/css/xQOBK32oxbFF.css]
[worldcuptoken.finance/css/tUBpz1MI4cPV.css]
[worldcuptoken.finance/css/xLk5g0qOxFeg.css]
[worldcuptoken.finance/index-2.html]
[worldcuptoken.finance/images/logo1.png]
[worldcuptoken.finance/images/logo.jpg]
[worldcuptoken.finance/images/J9ihKcvSHa6T.png]
[worldcuptoken.finance/images/WLRkp6qBPr3V.png]
[worldcuptoken.finance/images/Kf0cIvf4MwUm.png]
[worldcuptoken.finance/images/UKdVKv9NISj5.png]
[worldcuptoken.finance/images/7C3YM0oK3aJX.png]
[worldcuptoken.finance/images/zdLX60BoCm9R.png]
[worldcuptoken.finance/images/kFYhTt6Rw1gs.png]
[worldcuptoken.finance/images/wu0XpJUd6G3a.png]
[worldcuptoken.finance/images/W9rnv0MyxDFL.png]
[worldcuptoken.finance/images/A7jwrw1uzmyi.png]
[worldcuptoken.finance/images/cV0Qxp2HYnH6.png]
[worldcuptoken.finance/images/VLo5fjukj1Ed.png]
[worldcuptoken.finance/images/iDS5t1uiRi0J.png]
[worldcuptoken.finance/images/1PP3LPCSbsfD.png]
[worldcuptoken.finance/images/jmRtasKOybsS.png]
[worldcuptoken.finance/images/VpwhhL3kC8HG.png]
[worldcuptoken.finance/images/EjYWB3T1CqUM.png]
[worldcuptoken.finance/images/1gBYOexTysqg.png]
[worldcuptoken.finance/images/jRrpVEgvFEzS.png]
[worldcuptoken.finance/images/KeYTJH3A8icO.png]
[worldcuptoken.finance/js/WKOWUSPHotYm.js]
[worldcuptoken.finance/js/gxRnfNk9OvFW.js]
[worldcuptoken.finance/js/bXP1QgCR5Yqs.js]
[worldcuptoken.finance/js/glHKnpztlKdf.js]
[worldcuptoken.finance/js/ceukkqtLhOKH.js]
[worldcuptoken.finance/js/GC9etES0S5iI.js]
[worldcuptoken.finance/js/HebXTObIa9Na.js]
[worldcuptoken.finance/js/Rrt7RAbLCmcd.js]
[worldcuptoken.finance/js/tFRDSuzfnHXF.js]
[worldcuptoken.finance/js/hbxYoDw3tH26.js]
[worldcuptoken.finance/js/PQqw6booi4Nc.js]
[worldcuptoken.finance/js/8wRclik6O1gV.js]
[worldcuptoken.finance/js/TwYl8LT0uMLm.js]
[worldcuptoken.finance/index.html]
[worldcuptoken.finance/css/7nQ1pLVKAxFU.css]
[worldcuptoken.finance/js/3u6uByN3lm6P.js]
[worldcuptoken.finance/images/0RMLkeHXKcnj.png]
[worldcuptoken.finance/css/FR9LK8BZTj5f.css]
[worldcuptoken.finance/css/AgSLrb6DHXMq.css]
[worldcuptoken.finance/css/ihVMC8TmH06e.css]
[worldcuptoken.finance/css/MVMS6f2YkuEv.css]
[worldcuptoken.finance/fonts/xNZsPSdYP62O.eot]
[worldcuptoken.finance/fonts/tiCSSdjZNqj7.woff2]
[worldcuptoken.finance/fonts/MEcOzP3ILlTE.woff]
[worldcuptoken.finance/fonts/aJ88NLo5nkV8.ttf]
[worldcuptoken.finance/fonts/Sk6Px5I2yNCv.svg]
[worldcuptoken.finance/fonts/mpXzBfiSA6O3.eot]
[worldcuptoken.finance/fonts/u5mEsFkxGuId.woff2]
[worldcuptoken.finance/fonts/Sc5H9qQLQC7h.woff]
[worldcuptoken.finance/fonts/D3IIkQwE00wv.ttf]
[worldcuptoken.finance/fonts/XriEi79gJsAJ.svg]
[worldcuptoken.finance/fonts/5Sx3TJmZgMIs.eot]
[worldcuptoken.finance/fonts/WAlW59iBoHn4.woff2]
[worldcuptoken.finance/fonts/thapdvd67rky.woff]
[worldcuptoken.finance/fonts/YeHD3DzGaQiL.ttf]
[worldcuptoken.finance/css/9RVcwW91I7f9.css]
[worldcuptoken.finance/fonts/gRCsA1u4XKlZ.svg]
[worldcuptoken.finance/fonts/vQ8nXJJyCnat.woff2]
[worldcuptoken.finance/fonts/uxnDqr9v0q9q.woff]
[worldcuptoken.finance/css/QH7t6MuQATwr.css]
[worldcuptoken.finance/css/7jIrMASja7EA.css]
[worldcuptoken.finance/css/8BYXgPyPfOZK.css]
[worldcuptoken.finance/css/0Yanp4y54BBh.css]
[worldcuptoken.finance/images/AbcuMP8Vp25i.jpg]
[worldcuptoken.finance/images/XpT2mDlwIu08.png]
[worldcuptoken.finance/images/rRhywKvFQ8oq.png]
[worldcuptoken.finance/images/LFYtlaYr1V9O.png]
[worldcuptoken.finance/images/a4NLTo8obJEE.png]
[worldcuptoken.finance/images/jE7xoxVNjfjP.jpg]
[worldcuptoken.finance/images/WJUGl7M71tCX.jpg]
[worldcuptoken.finance/images/SRjEjf8fH1nS.png]
[worldcuptoken.finance/images/piJ8ygIujj2V.png]
[worldcuptoken.finance/images/kpc6Nygl2o9z.png]
[worldcuptoken.finance/images/b7q7bug01LRh.png]
[worldcuptoken.finance/images/73lGAnjPOUv6.png]
[worldcuptoken.finance/images/8so2G8UX49vW.png]
[worldcuptoken.finance/images/wQ18c8txGOBK.png]
[worldcuptoken.finance/images/6EQs8OiqOp2g.png]
[worldcuptoken.finance/images/HGlihlBObzML.png]
[worldcuptoken.finance/images/74FYFAYHeIKH.png]
[worldcuptoken.finance/images/sCiZGTLu12b2.png]
[worldcuptoken.finance/images/IHhZgwOnQJK3.png]
[worldcuptoken.finance/images/ji6RdcOdPVsY.png]
[worldcuptoken.finance/images/7PvCfwnsBFzG.png]
[worldcuptoken.finance/images/c3cQ7Pz0O8bf.png]
[worldcuptoken.finance/images/NfFY8TFrkEqW.jpg]
[worldcuptoken.finance/images/KF3y8FCiNXR7.jpg]
[worldcuptoken.finance/images/4M0F6js2UdAd.jpg]
[worldcuptoken.finance/images/G5tFTvjSKvfi.png]
[worldcuptoken.finance/images/ZHNvsoE5NHYB.png]
[worldcuptoken.finance/css/xQOBK32oxbFF.css]
[worldcuptoken.finance/images/JTEKokLFf7Vi.png]
[worldcuptoken.finance/images/2XCLMiQFz84E.gif]
[worldcuptoken.finance/images/HdehX8Xd79DD.gif]
[worldcuptoken.finance/images/GaQZi6oeRGpe.gif]
[worldcuptoken.finance/css/tUBpz1MI4cPV.css]
[worldcuptoken.finance/css/xLk5g0qOxFeg.css]
[worldcuptoken.finance/index-2.html]
[worldcuptoken.finance/fonts/Sk6Px5I2yNCv.svg]
[worldcuptoken.finance/fonts/XriEi79gJsAJ.svg]
[worldcuptoken.finance/fonts/gRCsA1u4XKlZ.svg]
